// Jest Snapshot v1, https://goo.gl/fbAQLP

exports[`should delete related edges 1`] = `
Object {
  "edges": Array [
    Object {
      "automationId": undefined,
      "id": "1",
      "properties": Object {},
      "shape": undefined,
      "source": "0",
      "sourcePortId": "1",
      "status": 0,
      "target": "2",
      "targetPortId": "0",
    },
  ],
  "nodes": Array [
    Object {
      "ariaLabel": undefined,
      "automationId": undefined,
      "height": undefined,
      "id": "0",
      "name": undefined,
      "ports": Array [
        Object {
          "ariaLabel": undefined,
          "automationId": undefined,
          "id": "0",
          "isInputDisabled": undefined,
          "isOutputDisabled": undefined,
          "name": "0",
          "position": Array [
            0.25,
            0,
          ],
          "properties": Object {},
          "shape": undefined,
          "status": 0,
        },
        Object {
          "ariaLabel": undefined,
          "automationId": undefined,
          "id": "1",
          "isInputDisabled": undefined,
          "isOutputDisabled": undefined,
          "name": "1",
          "position": Array [
            0.5,
            0,
          ],
          "properties": Object {},
          "shape": undefined,
          "status": 0,
        },
        Object {
          "ariaLabel": undefined,
          "automationId": undefined,
          "id": "2",
          "isInputDisabled": undefined,
          "isOutputDisabled": undefined,
          "name": "2",
          "position": Array [
            0.75,
            0,
          ],
          "properties": Object {},
          "shape": undefined,
          "status": 0,
        },
      ],
      "properties": Object {},
      "shape": undefined,
      "status": 0,
      "width": undefined,
      "x": 0,
      "y": 0,
    },
    Object {
      "ariaLabel": undefined,
      "automationId": undefined,
      "height": undefined,
      "id": "2",
      "name": undefined,
      "ports": Array [
        Object {
          "ariaLabel": undefined,
          "automationId": undefined,
          "id": "0",
          "isInputDisabled": undefined,
          "isOutputDisabled": undefined,
          "name": "0",
          "position": Array [
            0.25,
            0,
          ],
          "properties": Object {},
          "shape": undefined,
          "status": 0,
        },
        Object {
          "ariaLabel": undefined,
          "automationId": undefined,
          "id": "1",
          "isInputDisabled": undefined,
          "isOutputDisabled": undefined,
          "name": "1",
          "position": Array [
            0.5,
            0,
          ],
          "properties": Object {},
          "shape": undefined,
          "status": 0,
        },
        Object {
          "ariaLabel": undefined,
          "automationId": undefined,
          "id": "2",
          "isInputDisabled": undefined,
          "isOutputDisabled": undefined,
          "name": "2",
          "position": Array [
            0.75,
            0,
          ],
          "properties": Object {},
          "shape": undefined,
          "status": 0,
        },
      ],
      "properties": Object {},
      "shape": undefined,
      "status": 0,
      "width": undefined,
      "x": 0,
      "y": 0,
    },
  ],
}
`;

exports[`should delete related edges: events 1`] = `Array []`;

exports[`should do nothing if delete disabled 1`] = `
Object {
  "edges": Array [
    Object {
      "automationId": undefined,
      "id": "0",
      "properties": Object {},
      "shape": undefined,
      "source": "0",
      "sourcePortId": "0",
      "status": 4,
      "target": "1",
      "targetPortId": "1",
    },
    Object {
      "automationId": undefined,
      "id": "1",
      "properties": Object {},
      "shape": undefined,
      "source": "0",
      "sourcePortId": "1",
      "status": 8,
      "target": "2",
      "targetPortId": "0",
    },
  ],
  "nodes": Array [
    Object {
      "ariaLabel": undefined,
      "automationId": undefined,
      "height": undefined,
      "id": "0",
      "name": undefined,
      "ports": Array [
        Object {
          "ariaLabel": undefined,
          "automationId": undefined,
          "id": "0",
          "isInputDisabled": undefined,
          "isOutputDisabled": undefined,
          "name": "0",
          "position": Array [
            0.25,
            0,
          ],
          "properties": Object {},
          "shape": undefined,
          "status": 0,
        },
        Object {
          "ariaLabel": undefined,
          "automationId": undefined,
          "id": "1",
          "isInputDisabled": undefined,
          "isOutputDisabled": undefined,
          "name": "1",
          "position": Array [
            0.5,
            0,
          ],
          "properties": Object {},
          "shape": undefined,
          "status": 0,
        },
        Object {
          "ariaLabel": undefined,
          "automationId": undefined,
          "id": "2",
          "isInputDisabled": undefined,
          "isOutputDisabled": undefined,
          "name": "2",
          "position": Array [
            0.75,
            0,
          ],
          "properties": Object {},
          "shape": undefined,
          "status": 0,
        },
      ],
      "properties": Object {},
      "shape": undefined,
      "status": 8,
      "width": undefined,
      "x": 0,
      "y": 0,
    },
    Object {
      "ariaLabel": undefined,
      "automationId": undefined,
      "height": undefined,
      "id": "1",
      "name": undefined,
      "ports": Array [
        Object {
          "ariaLabel": undefined,
          "automationId": undefined,
          "id": "0",
          "isInputDisabled": undefined,
          "isOutputDisabled": undefined,
          "name": "0",
          "position": Array [
            0.25,
            0,
          ],
          "properties": Object {},
          "shape": undefined,
          "status": 0,
        },
        Object {
          "ariaLabel": undefined,
          "automationId": undefined,
          "id": "1",
          "isInputDisabled": undefined,
          "isOutputDisabled": undefined,
          "name": "1",
          "position": Array [
            0.5,
            0,
          ],
          "properties": Object {},
          "shape": undefined,
          "status": 0,
        },
        Object {
          "ariaLabel": undefined,
          "automationId": undefined,
          "id": "2",
          "isInputDisabled": undefined,
          "isOutputDisabled": undefined,
          "name": "2",
          "position": Array [
            0.75,
            0,
          ],
          "properties": Object {},
          "shape": undefined,
          "status": 0,
        },
      ],
      "properties": Object {},
      "shape": undefined,
      "status": 1,
      "width": undefined,
      "x": 0,
      "y": 0,
    },
    Object {
      "ariaLabel": undefined,
      "automationId": undefined,
      "height": undefined,
      "id": "2",
      "name": undefined,
      "ports": Array [
        Object {
          "ariaLabel": undefined,
          "automationId": undefined,
          "id": "0",
          "isInputDisabled": undefined,
          "isOutputDisabled": undefined,
          "name": "0",
          "position": Array [
            0.25,
            0,
          ],
          "properties": Object {},
          "shape": undefined,
          "status": 0,
        },
        Object {
          "ariaLabel": undefined,
          "automationId": undefined,
          "id": "1",
          "isInputDisabled": undefined,
          "isOutputDisabled": undefined,
          "name": "1",
          "position": Array [
            0.5,
            0,
          ],
          "properties": Object {},
          "shape": undefined,
          "status": 0,
        },
        Object {
          "ariaLabel": undefined,
          "automationId": undefined,
          "id": "2",
          "isInputDisabled": undefined,
          "isOutputDisabled": undefined,
          "name": "2",
          "position": Array [
            0.75,
            0,
          ],
          "properties": Object {},
          "shape": undefined,
          "status": 0,
        },
      ],
      "properties": Object {},
      "shape": undefined,
      "status": 16,
      "width": undefined,
      "x": 0,
      "y": 0,
    },
  ],
}
`;

exports[`should do nothing if delete disabled: events 1`] = `
Array [
  "[Canvas]ViewportResize",
  "[Canvas]VirtualizationRecalculated",
]
`;

exports[`should do nothing if nothing selected 1`] = `
Object {
  "edges": Array [
    Object {
      "automationId": undefined,
      "id": "0",
      "properties": Object {},
      "shape": undefined,
      "source": "0",
      "sourcePortId": "0",
      "status": 0,
      "target": "1",
      "targetPortId": "1",
    },
    Object {
      "automationId": undefined,
      "id": "1",
      "properties": Object {},
      "shape": undefined,
      "source": "0",
      "sourcePortId": "1",
      "status": 0,
      "target": "2",
      "targetPortId": "0",
    },
  ],
  "nodes": Array [
    Object {
      "ariaLabel": undefined,
      "automationId": undefined,
      "height": undefined,
      "id": "0",
      "name": undefined,
      "ports": Array [
        Object {
          "ariaLabel": undefined,
          "automationId": undefined,
          "id": "0",
          "isInputDisabled": undefined,
          "isOutputDisabled": undefined,
          "name": "0",
          "position": Array [
            0.25,
            0,
          ],
          "properties": Object {},
          "shape": undefined,
          "status": 0,
        },
        Object {
          "ariaLabel": undefined,
          "automationId": undefined,
          "id": "1",
          "isInputDisabled": undefined,
          "isOutputDisabled": undefined,
          "name": "1",
          "position": Array [
            0.5,
            0,
          ],
          "properties": Object {},
          "shape": undefined,
          "status": 0,
        },
        Object {
          "ariaLabel": undefined,
          "automationId": undefined,
          "id": "2",
          "isInputDisabled": undefined,
          "isOutputDisabled": undefined,
          "name": "2",
          "position": Array [
            0.75,
            0,
          ],
          "properties": Object {},
          "shape": undefined,
          "status": 0,
        },
      ],
      "properties": Object {},
      "shape": undefined,
      "status": 0,
      "width": undefined,
      "x": 0,
      "y": 0,
    },
    Object {
      "ariaLabel": undefined,
      "automationId": undefined,
      "height": undefined,
      "id": "1",
      "name": undefined,
      "ports": Array [
        Object {
          "ariaLabel": undefined,
          "automationId": undefined,
          "id": "0",
          "isInputDisabled": undefined,
          "isOutputDisabled": undefined,
          "name": "0",
          "position": Array [
            0.25,
            0,
          ],
          "properties": Object {},
          "shape": undefined,
          "status": 0,
        },
        Object {
          "ariaLabel": undefined,
          "automationId": undefined,
          "id": "1",
          "isInputDisabled": undefined,
          "isOutputDisabled": undefined,
          "name": "1",
          "position": Array [
            0.5,
            0,
          ],
          "properties": Object {},
          "shape": undefined,
          "status": 0,
        },
        Object {
          "ariaLabel": undefined,
          "automationId": undefined,
          "id": "2",
          "isInputDisabled": undefined,
          "isOutputDisabled": undefined,
          "name": "2",
          "position": Array [
            0.75,
            0,
          ],
          "properties": Object {},
          "shape": undefined,
          "status": 0,
        },
      ],
      "properties": Object {},
      "shape": undefined,
      "status": 4,
      "width": undefined,
      "x": 0,
      "y": 0,
    },
    Object {
      "ariaLabel": undefined,
      "automationId": undefined,
      "height": undefined,
      "id": "2",
      "name": undefined,
      "ports": Array [
        Object {
          "ariaLabel": undefined,
          "automationId": undefined,
          "id": "0",
          "isInputDisabled": undefined,
          "isOutputDisabled": undefined,
          "name": "0",
          "position": Array [
            0.25,
            0,
          ],
          "properties": Object {},
          "shape": undefined,
          "status": 0,
        },
        Object {
          "ariaLabel": undefined,
          "automationId": undefined,
          "id": "1",
          "isInputDisabled": undefined,
          "isOutputDisabled": undefined,
          "name": "1",
          "position": Array [
            0.5,
            0,
          ],
          "properties": Object {},
          "shape": undefined,
          "status": 0,
        },
        Object {
          "ariaLabel": undefined,
          "automationId": undefined,
          "id": "2",
          "isInputDisabled": undefined,
          "isOutputDisabled": undefined,
          "name": "2",
          "position": Array [
            0.75,
            0,
          ],
          "properties": Object {},
          "shape": undefined,
          "status": 0,
        },
      ],
      "properties": Object {},
      "shape": undefined,
      "status": 0,
      "width": undefined,
      "x": 0,
      "y": 0,
    },
  ],
}
`;

exports[`should do nothing if nothing selected: events 1`] = `Array []`;

exports[`should only delete edge 1`] = `
Object {
  "edges": Array [
    Object {
      "automationId": undefined,
      "id": "1",
      "properties": Object {},
      "shape": undefined,
      "source": "0",
      "sourcePortId": "1",
      "status": 0,
      "target": "2",
      "targetPortId": "0",
    },
  ],
  "nodes": Array [
    Object {
      "ariaLabel": undefined,
      "automationId": undefined,
      "height": undefined,
      "id": "0",
      "name": undefined,
      "ports": Array [
        Object {
          "ariaLabel": undefined,
          "automationId": undefined,
          "id": "0",
          "isInputDisabled": undefined,
          "isOutputDisabled": undefined,
          "name": "0",
          "position": Array [
            0.25,
            0,
          ],
          "properties": Object {},
          "shape": undefined,
          "status": 0,
        },
        Object {
          "ariaLabel": undefined,
          "automationId": undefined,
          "id": "1",
          "isInputDisabled": undefined,
          "isOutputDisabled": undefined,
          "name": "1",
          "position": Array [
            0.5,
            0,
          ],
          "properties": Object {},
          "shape": undefined,
          "status": 0,
        },
        Object {
          "ariaLabel": undefined,
          "automationId": undefined,
          "id": "2",
          "isInputDisabled": undefined,
          "isOutputDisabled": undefined,
          "name": "2",
          "position": Array [
            0.75,
            0,
          ],
          "properties": Object {},
          "shape": undefined,
          "status": 0,
        },
      ],
      "properties": Object {},
      "shape": undefined,
      "status": 0,
      "width": undefined,
      "x": 0,
      "y": 0,
    },
    Object {
      "ariaLabel": undefined,
      "automationId": undefined,
      "height": undefined,
      "id": "1",
      "name": undefined,
      "ports": Array [
        Object {
          "ariaLabel": undefined,
          "automationId": undefined,
          "id": "0",
          "isInputDisabled": undefined,
          "isOutputDisabled": undefined,
          "name": "0",
          "position": Array [
            0.25,
            0,
          ],
          "properties": Object {},
          "shape": undefined,
          "status": 0,
        },
        Object {
          "ariaLabel": undefined,
          "automationId": undefined,
          "id": "1",
          "isInputDisabled": undefined,
          "isOutputDisabled": undefined,
          "name": "1",
          "position": Array [
            0.5,
            0,
          ],
          "properties": Object {},
          "shape": undefined,
          "status": 0,
        },
        Object {
          "ariaLabel": undefined,
          "automationId": undefined,
          "id": "2",
          "isInputDisabled": undefined,
          "isOutputDisabled": undefined,
          "name": "2",
          "position": Array [
            0.75,
            0,
          ],
          "properties": Object {},
          "shape": undefined,
          "status": 0,
        },
      ],
      "properties": Object {},
      "shape": undefined,
      "status": 0,
      "width": undefined,
      "x": 0,
      "y": 0,
    },
    Object {
      "ariaLabel": undefined,
      "automationId": undefined,
      "height": undefined,
      "id": "2",
      "name": undefined,
      "ports": Array [
        Object {
          "ariaLabel": undefined,
          "automationId": undefined,
          "id": "0",
          "isInputDisabled": undefined,
          "isOutputDisabled": undefined,
          "name": "0",
          "position": Array [
            0.25,
            0,
          ],
          "properties": Object {},
          "shape": undefined,
          "status": 0,
        },
        Object {
          "ariaLabel": undefined,
          "automationId": undefined,
          "id": "1",
          "isInputDisabled": undefined,
          "isOutputDisabled": undefined,
          "name": "1",
          "position": Array [
            0.5,
            0,
          ],
          "properties": Object {},
          "shape": undefined,
          "status": 0,
        },
        Object {
          "ariaLabel": undefined,
          "automationId": undefined,
          "id": "2",
          "isInputDisabled": undefined,
          "isOutputDisabled": undefined,
          "name": "2",
          "position": Array [
            0.75,
            0,
          ],
          "properties": Object {},
          "shape": undefined,
          "status": 0,
        },
      ],
      "properties": Object {},
      "shape": undefined,
      "status": 0,
      "width": undefined,
      "x": 0,
      "y": 0,
    },
  ],
}
`;

exports[`should only delete edge: events 1`] = `Array []`;

exports[`should only delete node 1`] = `
Object {
  "edges": Array [],
  "nodes": Array [
    Object {
      "ariaLabel": undefined,
      "automationId": undefined,
      "height": undefined,
      "id": "0",
      "name": undefined,
      "ports": Array [
        Object {
          "ariaLabel": undefined,
          "automationId": undefined,
          "id": "0",
          "isInputDisabled": undefined,
          "isOutputDisabled": undefined,
          "name": "0",
          "position": Array [
            0.25,
            0,
          ],
          "properties": Object {},
          "shape": undefined,
          "status": 0,
        },
        Object {
          "ariaLabel": undefined,
          "automationId": undefined,
          "id": "1",
          "isInputDisabled": undefined,
          "isOutputDisabled": undefined,
          "name": "1",
          "position": Array [
            0.5,
            0,
          ],
          "properties": Object {},
          "shape": undefined,
          "status": 0,
        },
        Object {
          "ariaLabel": undefined,
          "automationId": undefined,
          "id": "2",
          "isInputDisabled": undefined,
          "isOutputDisabled": undefined,
          "name": "2",
          "position": Array [
            0.75,
            0,
          ],
          "properties": Object {},
          "shape": undefined,
          "status": 0,
        },
      ],
      "properties": Object {},
      "shape": undefined,
      "status": 0,
      "width": undefined,
      "x": 0,
      "y": 0,
    },
    Object {
      "ariaLabel": undefined,
      "automationId": undefined,
      "height": undefined,
      "id": "2",
      "name": undefined,
      "ports": Array [
        Object {
          "ariaLabel": undefined,
          "automationId": undefined,
          "id": "0",
          "isInputDisabled": undefined,
          "isOutputDisabled": undefined,
          "name": "0",
          "position": Array [
            0.25,
            0,
          ],
          "properties": Object {},
          "shape": undefined,
          "status": 0,
        },
        Object {
          "ariaLabel": undefined,
          "automationId": undefined,
          "id": "1",
          "isInputDisabled": undefined,
          "isOutputDisabled": undefined,
          "name": "1",
          "position": Array [
            0.5,
            0,
          ],
          "properties": Object {},
          "shape": undefined,
          "status": 0,
        },
        Object {
          "ariaLabel": undefined,
          "automationId": undefined,
          "id": "2",
          "isInputDisabled": undefined,
          "isOutputDisabled": undefined,
          "name": "2",
          "position": Array [
            0.75,
            0,
          ],
          "properties": Object {},
          "shape": undefined,
          "status": 0,
        },
      ],
      "properties": Object {},
      "shape": undefined,
      "status": 0,
      "width": undefined,
      "x": 0,
      "y": 0,
    },
  ],
}
`;

exports[`should only delete node: events 1`] = `Array []`;
