// Jest Snapshot v1, https://goo.gl/fbAQLP

exports[`test updateNodeBySelectBox test select position (100,100) and (160, 160) nodes 1`] = `
Object {
  "edges": Array [
    Object {
      "automationId": undefined,
      "id": "0",
      "properties": Object {},
      "shape": undefined,
      "source": "0",
      "sourcePortId": "0",
      "status": 4,
      "target": "1",
      "targetPortId": "1",
    },
    Object {
      "automationId": undefined,
      "id": "1",
      "properties": Object {},
      "shape": undefined,
      "source": "0",
      "sourcePortId": "1",
      "status": 4,
      "target": "2",
      "targetPortId": "0",
    },
  ],
  "nodes": Array [
    Object {
      "ariaLabel": undefined,
      "automationId": undefined,
      "height": undefined,
      "id": "0",
      "name": undefined,
      "ports": Array [
        Object {
          "ariaLabel": undefined,
          "automationId": undefined,
          "id": "0",
          "isInputDisabled": undefined,
          "isOutputDisabled": undefined,
          "name": "0",
          "position": Array [
            0.25,
            0,
          ],
          "properties": Object {},
          "shape": undefined,
          "status": 0,
        },
        Object {
          "ariaLabel": undefined,
          "automationId": undefined,
          "id": "1",
          "isInputDisabled": undefined,
          "isOutputDisabled": undefined,
          "name": "1",
          "position": Array [
            0.5,
            0,
          ],
          "properties": Object {},
          "shape": undefined,
          "status": 0,
        },
        Object {
          "ariaLabel": undefined,
          "automationId": undefined,
          "id": "2",
          "isInputDisabled": undefined,
          "isOutputDisabled": undefined,
          "name": "2",
          "position": Array [
            0.75,
            0,
          ],
          "properties": Object {},
          "shape": undefined,
          "status": 0,
        },
      ],
      "properties": Object {},
      "shape": undefined,
      "status": 1,
      "width": undefined,
      "x": 100,
      "y": 100,
    },
    Object {
      "ariaLabel": undefined,
      "automationId": undefined,
      "height": undefined,
      "id": "1",
      "name": undefined,
      "ports": Array [
        Object {
          "ariaLabel": undefined,
          "automationId": undefined,
          "id": "0",
          "isInputDisabled": undefined,
          "isOutputDisabled": undefined,
          "name": "0",
          "position": Array [
            0.25,
            0,
          ],
          "properties": Object {},
          "shape": undefined,
          "status": 0,
        },
        Object {
          "ariaLabel": undefined,
          "automationId": undefined,
          "id": "1",
          "isInputDisabled": undefined,
          "isOutputDisabled": undefined,
          "name": "1",
          "position": Array [
            0.5,
            0,
          ],
          "properties": Object {},
          "shape": undefined,
          "status": 0,
        },
        Object {
          "ariaLabel": undefined,
          "automationId": undefined,
          "id": "2",
          "isInputDisabled": undefined,
          "isOutputDisabled": undefined,
          "name": "2",
          "position": Array [
            0.75,
            0,
          ],
          "properties": Object {},
          "shape": undefined,
          "status": 0,
        },
      ],
      "properties": Object {},
      "shape": undefined,
      "status": 1,
      "width": undefined,
      "x": 160,
      "y": 160,
    },
    Object {
      "ariaLabel": undefined,
      "automationId": undefined,
      "height": undefined,
      "id": "2",
      "name": undefined,
      "ports": Array [
        Object {
          "ariaLabel": undefined,
          "automationId": undefined,
          "id": "0",
          "isInputDisabled": undefined,
          "isOutputDisabled": undefined,
          "name": "0",
          "position": Array [
            0.25,
            0,
          ],
          "properties": Object {},
          "shape": undefined,
          "status": 0,
        },
        Object {
          "ariaLabel": undefined,
          "automationId": undefined,
          "id": "1",
          "isInputDisabled": undefined,
          "isOutputDisabled": undefined,
          "name": "1",
          "position": Array [
            0.5,
            0,
          ],
          "properties": Object {},
          "shape": undefined,
          "status": 0,
        },
        Object {
          "ariaLabel": undefined,
          "automationId": undefined,
          "id": "2",
          "isInputDisabled": undefined,
          "isOutputDisabled": undefined,
          "name": "2",
          "position": Array [
            0.75,
            0,
          ],
          "properties": Object {},
          "shape": undefined,
          "status": 0,
        },
      ],
      "properties": Object {},
      "shape": undefined,
      "status": 8,
      "width": undefined,
      "x": 300,
      "y": 300,
    },
  ],
}
`;

exports[`test updateNodeBySelectBox test select position (100,100) node 1`] = `
Object {
  "edges": Array [
    Object {
      "automationId": undefined,
      "id": "0",
      "properties": Object {},
      "shape": undefined,
      "source": "0",
      "sourcePortId": "0",
      "status": 4,
      "target": "1",
      "targetPortId": "1",
    },
    Object {
      "automationId": undefined,
      "id": "1",
      "properties": Object {},
      "shape": undefined,
      "source": "0",
      "sourcePortId": "1",
      "status": 4,
      "target": "2",
      "targetPortId": "0",
    },
  ],
  "nodes": Array [
    Object {
      "ariaLabel": undefined,
      "automationId": undefined,
      "height": undefined,
      "id": "0",
      "name": undefined,
      "ports": Array [
        Object {
          "ariaLabel": undefined,
          "automationId": undefined,
          "id": "0",
          "isInputDisabled": undefined,
          "isOutputDisabled": undefined,
          "name": "0",
          "position": Array [
            0.25,
            0,
          ],
          "properties": Object {},
          "shape": undefined,
          "status": 0,
        },
        Object {
          "ariaLabel": undefined,
          "automationId": undefined,
          "id": "1",
          "isInputDisabled": undefined,
          "isOutputDisabled": undefined,
          "name": "1",
          "position": Array [
            0.5,
            0,
          ],
          "properties": Object {},
          "shape": undefined,
          "status": 0,
        },
        Object {
          "ariaLabel": undefined,
          "automationId": undefined,
          "id": "2",
          "isInputDisabled": undefined,
          "isOutputDisabled": undefined,
          "name": "2",
          "position": Array [
            0.75,
            0,
          ],
          "properties": Object {},
          "shape": undefined,
          "status": 0,
        },
      ],
      "properties": Object {},
      "shape": undefined,
      "status": 1,
      "width": undefined,
      "x": 100,
      "y": 100,
    },
    Object {
      "ariaLabel": undefined,
      "automationId": undefined,
      "height": undefined,
      "id": "1",
      "name": undefined,
      "ports": Array [
        Object {
          "ariaLabel": undefined,
          "automationId": undefined,
          "id": "0",
          "isInputDisabled": undefined,
          "isOutputDisabled": undefined,
          "name": "0",
          "position": Array [
            0.25,
            0,
          ],
          "properties": Object {},
          "shape": undefined,
          "status": 0,
        },
        Object {
          "ariaLabel": undefined,
          "automationId": undefined,
          "id": "1",
          "isInputDisabled": undefined,
          "isOutputDisabled": undefined,
          "name": "1",
          "position": Array [
            0.5,
            0,
          ],
          "properties": Object {},
          "shape": undefined,
          "status": 0,
        },
        Object {
          "ariaLabel": undefined,
          "automationId": undefined,
          "id": "2",
          "isInputDisabled": undefined,
          "isOutputDisabled": undefined,
          "name": "2",
          "position": Array [
            0.75,
            0,
          ],
          "properties": Object {},
          "shape": undefined,
          "status": 0,
        },
      ],
      "properties": Object {},
      "shape": undefined,
      "status": 8,
      "width": undefined,
      "x": 160,
      "y": 160,
    },
    Object {
      "ariaLabel": undefined,
      "automationId": undefined,
      "height": undefined,
      "id": "2",
      "name": undefined,
      "ports": Array [
        Object {
          "ariaLabel": undefined,
          "automationId": undefined,
          "id": "0",
          "isInputDisabled": undefined,
          "isOutputDisabled": undefined,
          "name": "0",
          "position": Array [
            0.25,
            0,
          ],
          "properties": Object {},
          "shape": undefined,
          "status": 0,
        },
        Object {
          "ariaLabel": undefined,
          "automationId": undefined,
          "id": "1",
          "isInputDisabled": undefined,
          "isOutputDisabled": undefined,
          "name": "1",
          "position": Array [
            0.5,
            0,
          ],
          "properties": Object {},
          "shape": undefined,
          "status": 0,
        },
        Object {
          "ariaLabel": undefined,
          "automationId": undefined,
          "id": "2",
          "isInputDisabled": undefined,
          "isOutputDisabled": undefined,
          "name": "2",
          "position": Array [
            0.75,
            0,
          ],
          "properties": Object {},
          "shape": undefined,
          "status": 0,
        },
      ],
      "properties": Object {},
      "shape": undefined,
      "status": 8,
      "width": undefined,
      "x": 300,
      "y": 300,
    },
  ],
}
`;

exports[`test updateNodeBySelectBox test select position (100,100) node with pan 1`] = `
Object {
  "edges": Array [
    Object {
      "automationId": undefined,
      "id": "0",
      "properties": Object {},
      "shape": undefined,
      "source": "0",
      "sourcePortId": "0",
      "status": 4,
      "target": "1",
      "targetPortId": "1",
    },
    Object {
      "automationId": undefined,
      "id": "1",
      "properties": Object {},
      "shape": undefined,
      "source": "0",
      "sourcePortId": "1",
      "status": 4,
      "target": "2",
      "targetPortId": "0",
    },
  ],
  "nodes": Array [
    Object {
      "ariaLabel": undefined,
      "automationId": undefined,
      "height": undefined,
      "id": "0",
      "name": undefined,
      "ports": Array [
        Object {
          "ariaLabel": undefined,
          "automationId": undefined,
          "id": "0",
          "isInputDisabled": undefined,
          "isOutputDisabled": undefined,
          "name": "0",
          "position": Array [
            0.25,
            0,
          ],
          "properties": Object {},
          "shape": undefined,
          "status": 0,
        },
        Object {
          "ariaLabel": undefined,
          "automationId": undefined,
          "id": "1",
          "isInputDisabled": undefined,
          "isOutputDisabled": undefined,
          "name": "1",
          "position": Array [
            0.5,
            0,
          ],
          "properties": Object {},
          "shape": undefined,
          "status": 0,
        },
        Object {
          "ariaLabel": undefined,
          "automationId": undefined,
          "id": "2",
          "isInputDisabled": undefined,
          "isOutputDisabled": undefined,
          "name": "2",
          "position": Array [
            0.75,
            0,
          ],
          "properties": Object {},
          "shape": undefined,
          "status": 0,
        },
      ],
      "properties": Object {},
      "shape": undefined,
      "status": 1,
      "width": undefined,
      "x": 100,
      "y": 100,
    },
    Object {
      "ariaLabel": undefined,
      "automationId": undefined,
      "height": undefined,
      "id": "1",
      "name": undefined,
      "ports": Array [
        Object {
          "ariaLabel": undefined,
          "automationId": undefined,
          "id": "0",
          "isInputDisabled": undefined,
          "isOutputDisabled": undefined,
          "name": "0",
          "position": Array [
            0.25,
            0,
          ],
          "properties": Object {},
          "shape": undefined,
          "status": 0,
        },
        Object {
          "ariaLabel": undefined,
          "automationId": undefined,
          "id": "1",
          "isInputDisabled": undefined,
          "isOutputDisabled": undefined,
          "name": "1",
          "position": Array [
            0.5,
            0,
          ],
          "properties": Object {},
          "shape": undefined,
          "status": 0,
        },
        Object {
          "ariaLabel": undefined,
          "automationId": undefined,
          "id": "2",
          "isInputDisabled": undefined,
          "isOutputDisabled": undefined,
          "name": "2",
          "position": Array [
            0.75,
            0,
          ],
          "properties": Object {},
          "shape": undefined,
          "status": 0,
        },
      ],
      "properties": Object {},
      "shape": undefined,
      "status": 8,
      "width": undefined,
      "x": 160,
      "y": 160,
    },
    Object {
      "ariaLabel": undefined,
      "automationId": undefined,
      "height": undefined,
      "id": "2",
      "name": undefined,
      "ports": Array [
        Object {
          "ariaLabel": undefined,
          "automationId": undefined,
          "id": "0",
          "isInputDisabled": undefined,
          "isOutputDisabled": undefined,
          "name": "0",
          "position": Array [
            0.25,
            0,
          ],
          "properties": Object {},
          "shape": undefined,
          "status": 0,
        },
        Object {
          "ariaLabel": undefined,
          "automationId": undefined,
          "id": "1",
          "isInputDisabled": undefined,
          "isOutputDisabled": undefined,
          "name": "1",
          "position": Array [
            0.5,
            0,
          ],
          "properties": Object {},
          "shape": undefined,
          "status": 0,
        },
        Object {
          "ariaLabel": undefined,
          "automationId": undefined,
          "id": "2",
          "isInputDisabled": undefined,
          "isOutputDisabled": undefined,
          "name": "2",
          "position": Array [
            0.75,
            0,
          ],
          "properties": Object {},
          "shape": undefined,
          "status": 0,
        },
      ],
      "properties": Object {},
      "shape": undefined,
      "status": 8,
      "width": undefined,
      "x": 300,
      "y": 300,
    },
  ],
}
`;

exports[`test updateNodeBySelectBox test select position all nodes 1`] = `
Object {
  "edges": Array [
    Object {
      "automationId": undefined,
      "id": "0",
      "properties": Object {},
      "shape": undefined,
      "source": "0",
      "sourcePortId": "0",
      "status": 4,
      "target": "1",
      "targetPortId": "1",
    },
    Object {
      "automationId": undefined,
      "id": "1",
      "properties": Object {},
      "shape": undefined,
      "source": "0",
      "sourcePortId": "1",
      "status": 4,
      "target": "2",
      "targetPortId": "0",
    },
  ],
  "nodes": Array [
    Object {
      "ariaLabel": undefined,
      "automationId": undefined,
      "height": undefined,
      "id": "0",
      "name": undefined,
      "ports": Array [
        Object {
          "ariaLabel": undefined,
          "automationId": undefined,
          "id": "0",
          "isInputDisabled": undefined,
          "isOutputDisabled": undefined,
          "name": "0",
          "position": Array [
            0.25,
            0,
          ],
          "properties": Object {},
          "shape": undefined,
          "status": 0,
        },
        Object {
          "ariaLabel": undefined,
          "automationId": undefined,
          "id": "1",
          "isInputDisabled": undefined,
          "isOutputDisabled": undefined,
          "name": "1",
          "position": Array [
            0.5,
            0,
          ],
          "properties": Object {},
          "shape": undefined,
          "status": 0,
        },
        Object {
          "ariaLabel": undefined,
          "automationId": undefined,
          "id": "2",
          "isInputDisabled": undefined,
          "isOutputDisabled": undefined,
          "name": "2",
          "position": Array [
            0.75,
            0,
          ],
          "properties": Object {},
          "shape": undefined,
          "status": 0,
        },
      ],
      "properties": Object {},
      "shape": undefined,
      "status": 1,
      "width": undefined,
      "x": 100,
      "y": 100,
    },
    Object {
      "ariaLabel": undefined,
      "automationId": undefined,
      "height": undefined,
      "id": "1",
      "name": undefined,
      "ports": Array [
        Object {
          "ariaLabel": undefined,
          "automationId": undefined,
          "id": "0",
          "isInputDisabled": undefined,
          "isOutputDisabled": undefined,
          "name": "0",
          "position": Array [
            0.25,
            0,
          ],
          "properties": Object {},
          "shape": undefined,
          "status": 0,
        },
        Object {
          "ariaLabel": undefined,
          "automationId": undefined,
          "id": "1",
          "isInputDisabled": undefined,
          "isOutputDisabled": undefined,
          "name": "1",
          "position": Array [
            0.5,
            0,
          ],
          "properties": Object {},
          "shape": undefined,
          "status": 0,
        },
        Object {
          "ariaLabel": undefined,
          "automationId": undefined,
          "id": "2",
          "isInputDisabled": undefined,
          "isOutputDisabled": undefined,
          "name": "2",
          "position": Array [
            0.75,
            0,
          ],
          "properties": Object {},
          "shape": undefined,
          "status": 0,
        },
      ],
      "properties": Object {},
      "shape": undefined,
      "status": 1,
      "width": undefined,
      "x": 160,
      "y": 160,
    },
    Object {
      "ariaLabel": undefined,
      "automationId": undefined,
      "height": undefined,
      "id": "2",
      "name": undefined,
      "ports": Array [
        Object {
          "ariaLabel": undefined,
          "automationId": undefined,
          "id": "0",
          "isInputDisabled": undefined,
          "isOutputDisabled": undefined,
          "name": "0",
          "position": Array [
            0.25,
            0,
          ],
          "properties": Object {},
          "shape": undefined,
          "status": 0,
        },
        Object {
          "ariaLabel": undefined,
          "automationId": undefined,
          "id": "1",
          "isInputDisabled": undefined,
          "isOutputDisabled": undefined,
          "name": "1",
          "position": Array [
            0.5,
            0,
          ],
          "properties": Object {},
          "shape": undefined,
          "status": 0,
        },
        Object {
          "ariaLabel": undefined,
          "automationId": undefined,
          "id": "2",
          "isInputDisabled": undefined,
          "isOutputDisabled": undefined,
          "name": "2",
          "position": Array [
            0.75,
            0,
          ],
          "properties": Object {},
          "shape": undefined,
          "status": 0,
        },
      ],
      "properties": Object {},
      "shape": undefined,
      "status": 1,
      "width": undefined,
      "x": 300,
      "y": 300,
    },
  ],
}
`;
