// Jest Snapshot v1, https://goo.gl/fbAQLP

exports[`test Transform should get correct transform 1`] = `
<div>
  <g
    transform="matrix(1 0 0 1 0 0)"
  />
</div>
`;

exports[`test Transform should get correct transform: events 1`] = `[]`;

exports[`test zoom should zoom x only: events 1`] = `
[
  "[Canvas]ViewportResize",
  "[Canvas]VirtualizationRecalculated",
]
`;

exports[`test zoom should zoom x,y: events 1`] = `
[
  "[Canvas]ViewportResize",
  "[Canvas]VirtualizationRecalculated",
]
`;

exports[`test zoom should zoom y only: events 1`] = `
[
  "[Canvas]ViewportResize",
  "[Canvas]VirtualizationRecalculated",
]
`;

exports[`viewport getRenderedEdges: events 1`] = `[]`;

exports[`viewport getRenderedNodes: events 1`] = `[]`;
