// Jest Snapshot v1, https://goo.gl/fbAQLP

exports[`Wheel should not work with wheel event without focus: events 1`] = `
Array [
  "[Canvas]ViewportResize",
  "[Canvas]VirtualizationRecalculated",
]
`;
