// Jest Snapshot v1, https://goo.gl/fbAQLP

exports[`should delete related edges: events 1`] = `Array []`;

exports[`should do nothing if delete disabled: events 1`] = `
Array [
  "[Canvas]ViewportResize",
  "[Canvas]VirtualizationRecalculated",
]
`;

exports[`should do nothing if nothing selected: events 1`] = `Array []`;

exports[`should only delete edge: events 1`] = `Array []`;

exports[`should only delete node: events 1`] = `Array []`;
