// Jest Snapshot v1, https://goo.gl/fbAQLP

exports[`ItemPanel - AddingNodeSvg Should match the snapshot 1`] = `
<svg
  className="addingNodeSvg"
  id="mock-uuid"
  preserveAspectRatio="xMidYMid meet"
>
  <Transform
    matrix={
      Array [
        1,
        0,
        0,
        1,
        0,
        0,
      ]
    }
  >
    <GraphNode
      eventChannel={
        EventChannel {
          "externalHandlerRef": Object {
            "current": null,
          },
          "listenersRef": Object {
            "current": null,
          },
          "queue": Array [],
          "working": false,
        }
      }
      getNodeAriaLabel={[Function]}
      graphId="mock-uuid"
      node={
        Object {
          "ariaLabel": undefined,
          "automationId": undefined,
          "height": undefined,
          "id": "mock-id",
          "name": "node1",
          "ports": undefined,
          "properties": Object {},
          "shape": "nodeShape",
          "status": undefined,
          "width": undefined,
          "x": 0,
          "y": 0,
        }
      }
      viewport={
        Object {
          "rect": [Circular],
          "transformMatrix": Array [
            1,
            0,
            0,
            1,
            0,
            0,
          ],
        }
      }
    />
  </Transform>
</svg>
`;

exports[`ItemPanel - AddingNodeSvg Should match the snapshot: events 1`] = `Array []`;

exports[`ItemPanel - AddingNodeSvg adding node 1`] = `
<div
  class="moduleItem"
  role="button"
>
  <p>
    test item for addingNodeSVG:default
  </p>
</div>
`;

exports[`ItemPanel - AddingNodeSvg adding node: events 1`] = `Array []`;

exports[`ItemPanel - AddingNodeSvg not adding node if out of graph 1`] = `
<div
  class="moduleItem"
  role="button"
>
  <p>
    test item for addingNodeSVG:default
  </p>
</div>
`;

exports[`ItemPanel - AddingNodeSvg not adding node if out of graph: events 1`] = `Array []`;

exports[`ItemPanel - AddingNodeSvg without left mouse down when dragging 1`] = `
<div
  class="moduleItem"
  role="button"
>
  <p>
    test item for addingNodeSVG:default
  </p>
</div>
`;

exports[`ItemPanel - AddingNodeSvg without left mouse down when dragging: events 1`] = `Array []`;
